// Jest Snapshot v1, https://goo.gl/fbAQLP

exports[`<Card /> should render the card correctly 1`] = `
.c0 {
  -webkit-box-pack: center;
  -webkit-justify-content: center;
  -ms-flex-pack: center;
  justify-content: center;
  background-color: #FFFFFF;
  border-radius: 0.4rem;
  box-shadow: 0 0.6rem 2.4rem rgba(84,16,95,0.15);
  cursor: pointer;
  display: -webkit-box;
  display: -webkit-flex;
  display: -ms-flexbox;
  display: flex;
  min-height: 16rem;
  padding: 1.6rem 0.8rem;
  -webkit-transition: all 250ms ease-in-out;
  transition: all 250ms ease-in-out;
  width: 100%;
}

.c0:hover {
  box-shadow: 0 0.6rem 2.4rem rgba(84,16,95,0.35);
}

.c0:active {
  box-shadow: 0 0.3rem 1.2rem rgba(84,16,95,0.15);
}

.c1 {
  display: block;
  margin-right: 1.6rem;
  max-width: 10rem;
  position: relative;
  width: 100%;
}

.c1 img {
  box-shadow: 0 0.4rem 1.2rem rgba(84,16,95,0.25);
}

.c2 {
  display: -webkit-box;
  display: -webkit-flex;
  display: -ms-flexbox;
  display: flex;
  -webkit-flex: 1;
  -ms-flex: 1;
  flex: 1;
  -webkit-flex-direction: column;
  -ms-flex-direction: column;
  flex-direction: column;
  -webkit-box-pack: justify;
  -webkit-justify-content: space-between;
  -ms-flex-pack: justify;
  justify-content: space-between;
}

.c3 {
  color: #333333;
  font-size: 1.4rem;
}

.c4 {
  color: #AB2680;
  font-weight: 400;
  list-style: none;
  line-height: 1.25;
}

.c5 {
  display: -webkit-box;
  display: -webkit-flex;
  display: -ms-flexbox;
  display: flex;
  -webkit-flex-direction: column;
  -ms-flex-direction: column;
  flex-direction: column;
  margin-top: 0.4rem;
}

.c5 span {
  display: -webkit-inline-box;
  display: -webkit-inline-flex;
  display: -ms-inline-flexbox;
  display: inline-flex;
  margin-top: 0.2rem;
}

<div
  class="c0"
>
  <div
    class="c1"
  >
    <img
      alt="Hooked"
      layout="fill"
      src="/img/book-img-placeholder.png"
    />
  </div>
  <div
    class="c2"
  >
    <div
      class=""
    >
      <h2
        class="c3"
      >
        Hooked
      </h2>
      <ul
        class=""
      >
        <li
          class="c4"
        >
          Nir Eyal
        </li>
        <li
          class="c4"
        >
          Ryan Hoover
        </li>
      </ul>
    </div>
    <div
      class="c5"
    >
      <span>
        150
         p√°ginas
      </span>
      <span>
        Editora 
        Loyola
      </span>
      <span>
        Publicado em 
        2020
      </span>
    </div>
  </div>
</div>
`
