// Jest Snapshot v1, https://goo.gl/fbAQLP

exports[`<Button /> should render a button 1`] = `
.c0 {
  background-color: #FFFFFF;
  border: none;
  border-radius: 9999px;
  color: #AB2680;
  cursor: pointer;
  font-size: 1.6rem;
  font-weight: 500;
  height: 3.6rem;
  min-width: 8rem;
  padding: 0 2.4rem;
  -webkit-transition: all 250ms ease-in-out;
  transition: all 250ms ease-in-out;
}

.c0:hover {
  background-color: #F5F5EE;
}

<button
  class="c0"
>
  <span>
    Entrar
  </span>
</button>
`
